// Jest Snapshot v1, https://goo.gl/fbAQLP

exports[`Auction card component renders correctly 1`] = `
<div>
  <div
    class="MuiPaper-root MuiPaper-elevation MuiPaper-rounded MuiPaper-elevation0 MuiCard-root makeStyles-card-17 css-xg2nla-MuiPaper-root-MuiCard-root"
    data-testid="auction-card"
  >
    <div
      class="makeStyles-box-18 MuiBox-root css-0"
    >
      <img
        alt=""
        width="95%"
      />
    </div>
    <div
      class="MuiCardContent-root css-46bh2p-MuiCardContent-root"
    >
      <div
        class="MuiStack-root css-1kmvrgo-MuiStack-root"
      >
        <div
          class="MuiAvatar-root MuiAvatar-circular MuiAvatar-colorDefault makeStyles-avatar-19 css-1f0tmi6-MuiAvatar-root"
          data-testid="name-avatar"
        >
          <svg
            aria-hidden="true"
            class="MuiSvgIcon-root MuiSvgIcon-fontSizeMedium MuiAvatar-fallback css-10mi8st-MuiSvgIcon-root-MuiAvatar-fallback"
            data-testid="PersonIcon"
            focusable="false"
            viewBox="0 0 24 24"
          >
            <path
              d="M12 12c2.21 0 4-1.79 4-4s-1.79-4-4-4-4 1.79-4 4 1.79 4 4 4zm0 2c-2.67 0-8 1.34-8 4v2h16v-2c0-2.66-5.33-4-8-4z"
            />
          </svg>
        </div>
        <p
          class="makeStyles-name-22"
        >
           
          <span
            class="makeStyles-nameSpan-23"
          >
            (Highest Bidder)
          </span>
        </p>
      </div>
      <p
        class="makeStyles-title-21"
        data-testid="auction-title"
      >
        test title
      </p>
      <p
        class="makeStyles-bid-24"
      >
        Current Bid: 
        <span
          class="makeStyles-title-21"
        />
      </p>
      <button
        class="MuiButtonBase-root MuiButton-root MuiButton-contained MuiButton-containedPrimary MuiButton-sizeMedium MuiButton-containedSizeMedium MuiButton-disableElevation MuiButton-root MuiButton-contained MuiButton-containedPrimary MuiButton-sizeMedium MuiButton-containedSizeMedium MuiButton-disableElevation makeStyles-btn-20 css-zddlty-MuiButtonBase-root-MuiButton-root"
        tabindex="0"
        type="button"
      >
        Add to wishlist
        <span
          class="MuiTouchRipple-root css-8je8zh-MuiTouchRipple-root"
        />
      </button>
    </div>
  </div>
</div>
`;
