// Jest Snapshot v1, https://goo.gl/fbAQLP

exports[`countdown component renders correctly 1`] = `
<div>
  <div
    class="makeStyles-wrapper-10 MuiBox-root css-0"
    data-testid="countdown"
  >
    <div
      class="makeStyles-innerBox-11 MuiBox-root css-0"
    >
      <img
        alt=""
        class="makeStyles-img-12"
        src="Image.png"
      />
      <div
        class="MuiBox-root css-0"
      >
        <img
          alt=""
          class="makeStyles-logo-13"
          src="Avatarphoto.png"
        />
        <div
          class="makeStyles-countDownWrapper-14 MuiBox-root css-0"
        >
          <div
            class="MuiBox-root css-0"
          >
            <p
              class="makeStyles-countdown-15"
            >
              Starts in: 3 days : 2 hours : 24 minutes
               
            </p>
            <div
              class="makeStyles-flexBox-16 MuiBox-root css-0"
            >
              <div
                class="makeStyles-liveWrapper-17 MuiBox-root css-0"
              >
                <div
                  class="makeStyles-dotBox-18 MuiBox-root css-0"
                />
                <span>
                   Not Live
                </span>
              </div>
              <span>
                Layers Auction
              </span>
            </div>
          </div>
          <button
            class="MuiButtonBase-root MuiButton-root MuiButton-contained MuiButton-containedPrimary MuiButton-sizeSmall MuiButton-containedSizeSmall MuiButton-disableElevation MuiButton-root MuiButton-contained MuiButton-containedPrimary MuiButton-sizeSmall MuiButton-containedSizeSmall MuiButton-disableElevation css-1y4a2p3-MuiButtonBase-root-MuiButton-root"
            tabindex="0"
            type="button"
          >
            <span
              class="MuiButton-startIcon MuiButton-iconSizeSmall css-y6rp3m-MuiButton-startIcon"
            >
              <svg
                aria-hidden="true"
                class="MuiSvgIcon-root MuiSvgIcon-fontSizeMedium css-i4bv87-MuiSvgIcon-root"
                data-testid="ThumbUpAltOutlinedIcon"
                focusable="false"
                viewBox="0 0 24 24"
              >
                <path
                  d="M21 8h-6.31l.95-4.57.03-.32c0-.41-.17-.79-.44-1.06L14.17 1 7.59 7.59C7.22 7.95 7 8.45 7 9v10c0 1.1.9 2 2 2h9c.83 0 1.54-.5 1.84-1.22l3.02-7.05c.09-.23.14-.47.14-.73v-2c0-1.1-.9-2-2-2zm0 4-3 7H9V9l4.34-4.34L12.23 10H21v2zM1 9h4v12H1z"
                />
              </svg>
            </span>
            Accept Invite
            <span
              class="MuiTouchRipple-root css-8je8zh-MuiTouchRipple-root"
            />
          </button>
        </div>
      </div>
    </div>
  </div>
</div>
`;
